{"command": ["/opt/pyvenv/bin/python", "/mnt/data/CYBR_Hot_Springs_V11/cybr-geo/examples/desert_hot_springs/finish.py", "/mnt/data/CYBR_Hot_Springs_V11/work/shoreline", "--passes", "2", "--white-balance", "5750.0", "--opaque-filter-strength", "0.5"]}
{
  "source": "Native spectral radiance, not an image-generation model",
  "resolution": [
    1200,
    800
  ],
  "guided_filter_steps": [
    1,
    2
  ],
  "sky_only_filter_steps": [
    2,
    4,
    8
  ],
  "sky_filter_pixel_count": 155,
  "sky_filter_mask": "Negative first-opaque-surface material guide only; no landscape pixel changes in sky-only passes",
  "filter_space": "Linear scene-referred RGB after 16-band CIE integration",
  "opaque_filter_strength": 0.5,
  "opaque_residual_preserved_fraction": 0.5,
  "opaque_policy_pixel_count": 411590,
  "opaque_mask": "Center-ray budget equals ordinary spp and sediment/crust material 0 or 4; disabled if water budget is not higher",
  "opaque_policy": "Sediment/crust only: convex native/filtered radiance blend, not sharpening or detail synthesis; other materials retain full filtering",
  "postprocess_source_sha256": "25841de9e92f92792fe4fe99bb19bf29b2fc160219797a3cfe054e14f4711650",
  "raw_radiance_finite": true,
  "raw_radiance_min": 0.0016534094465896487,
  "raw_radiance_max": 95.64437866210938,
  "mean_linear_rgb": [
    0.23971150815486908,
    0.19062496721744537,
    0.12338724732398987
  ],
  "png_round_trip_exact": true,
  "png_sha256": "f30915ddef13bfe0bf6e4edf3db770694e3148da63f97bc0c0ca92a8b6ef82ee",
  "exposure": 1.89999998,
  "camera_white_balance_K": 5750.0,
  "display_white_rgb": [
    1.1147017919323665,
    0.9763938573539243,
    0.8966954151524217
  ],
  "toe_parameter": 0.035,
  "added_grain": false,
  "upscaling": false,
  "photo_compositing": false,
  "mean_linear_filter_change": 0.00926133617758751
}
