{
  "source": "Native spectral radiance, not an image-generation model",
  "resolution": [
    960,
    640
  ],
  "guided_filter_steps": [
    1,
    2
  ],
  "sky_only_filter_steps": [
    2,
    4
  ],
  "sky_filter_pixel_count": 31670,
  "sky_filter_mask": "Negative first-opaque-surface material guide only; no landscape pixel changes in sky-only passes",
  "filter_space": "Linear scene-referred RGB after 16-band CIE integration",
  "opaque_filter_strength": 0.4,
  "opaque_residual_preserved_fraction": 0.6,
  "opaque_policy_pixel_count": 43113,
  "opaque_mask": "Center-ray budget equals ordinary spp and sediment/crust material 0 or 4; disabled if water budget is not higher",
  "opaque_policy": "Sediment/crust only: convex native/filtered radiance blend, not sharpening or detail synthesis; other materials retain full filtering",
  "postprocess_source_sha256": "a529a0fbd384e5f0a417c9b2b6a8130e4e6cc3fa680e7dc6702a41bb8c4582b2",
  "raw_radiance_finite": true,
  "raw_radiance_min": -0.0006471152883023024,
  "raw_radiance_max": 13.793305397033691,
  "mean_linear_rgb": [
    0.08635064214468002,
    0.08144170045852661,
    0.06119268387556076
  ],
  "png_round_trip_exact": true,
  "png_sha256": "48e7345d88bd04ed63badedadffb73dc4111e54bced583b075781113482caf00",
  "exposure": 2.3499999,
  "camera_white_balance_K": 6100.0,
  "display_white_rgb": [
    1.079541195269498,
    0.9807642189313527,
    0.9569319229581734
  ],
  "toe_parameter": 0.035,
  "added_grain": false,
  "upscaling": false,
  "photo_compositing": false,
  "mean_linear_filter_change": 0.012897604145109653,
  "isolated_sky_spike_filter_enabled": true,
  "isolated_sky_spike_pixels": 0,
  "sky_spike_policy": "Biased non-neural display filter only; high-variance isolated 20x local peaks; raw radiance unchanged; water, geometry and sun-disc neighbourhood excluded"
}
R2_ALBEDO_DEMODULATION 460773 pixels; raw radiance unchanged
