Continuous_fracture_cell_bedrock_and_collapsed_roof 944452
Eroded_basin_with_submerged_foreground_shelves 771642
Closed_wave_resolved_lake 328230
Quartz_bearing_fracture 66122
Right_bank_recessed_support 97964
Foreground_split_wet_ledge 64826
Left_midground_outcrop 97964
Far_mineral_vein 64826
Back_collapse 66122
Bank_talus_000 2680
Bank_talus_001 1907
Bank_talus_002 2512
Bank_talus_003 2680
Bank_talus_004 1907
Bank_talus_005 2512
Bank_talus_006 2680
Bank_talus_007 1907
Bank_talus_008 2512
Bank_talus_009 2680
Bank_talus_010 1907
Bank_talus_011 2512
Bank_talus_012 2680
Bank_talus_013 1907
Bank_talus_014 2512
Bank_talus_015 2680
Bank_talus_016 1907
Bank_talus_017 2512
Bank_talus_018 2680
Bank_talus_019 1907
Bank_talus_020 2512
Bank_talus_021 2680
Bank_talus_022 1907
Bank_talus_023 2512
Bank_talus_024 2680
Bank_talus_025 1907
Bank_talus_026 2512
Bank_talus_027 2680
Bank_talus_028 1907
Bank_talus_029 2512
Bank_talus_030 2680
Bank_talus_031 1907
Bank_talus_032 2512
Bank_talus_033 2680
Bank_talus_034 1907
Bank_talus_035 2512
Bank_talus_036 2680
Bank_talus_037 1907
Bank_talus_038 2512
Bank_talus_039 2680
Bank_talus_040 1907
Bank_talus_041 2512
Bank_talus_042 2680
Bank_talus_043 1907
Bank_talus_044 2512
Bank_talus_045 2680
Bank_talus_046 1907
Bank_talus_047 2512
Bank_talus_048 2680
Bank_talus_049 1907
Bank_talus_050 2512
Bank_talus_051 2680
Bank_talus_052 1907
Bank_talus_053 2512
Bank_talus_054 2680
Bank_talus_055 1907
Bank_talus_056 2512
Bank_talus_057 2680
Bank_talus_058 1907
Bank_talus_059 2512
Bank_talus_060 2680
Bank_talus_061 1907
Bank_talus_062 2512
Bank_talus_063 2680
Bank_talus_064 1907
Collapsed_oculus_block_0 27906
Collapsed_oculus_block_1 25234
Collapsed_oculus_block_2 32080
Collapsed_oculus_block_3 27906
Collapsed_oculus_block_4 25234
Collapsed_oculus_block_5 32080
Collapsed_oculus_block_6 27906
Collapsed_oculus_block_7 25234
Collapsed_oculus_block_8 32080
Collapsed_oculus_block_9 27906
Collapsed_oculus_block_10 25234
Collapsed_oculus_block_11 32080
Collapsed_oculus_block_12 27906
Collapsed_oculus_block_13 25234
Graded_angular_gravel 348560
Beveled_quartz_0_01 172
Beveled_quartz_0_02 164
Beveled_quartz_0_03 172
Beveled_quartz_0_04 172
Beveled_quartz_0_05 164
Beveled_quartz_0_06 172
Beveled_quartz_0_07 164
Beveled_quartz_0_08 172
Beveled_quartz_0_09 172
Beveled_quartz_0_10 164
Beveled_quartz_0_11 172
Beveled_quartz_0_12 172
Beveled_quartz_0_13 172
Beveled_quartz_0_14 172
Beveled_quartz_0_15 172
Beveled_quartz_0_16 144
Beveled_quartz_0_17 172
Beveled_quartz_0_18 156
Beveled_quartz_0_19 172
Beveled_quartz_0_20 164
Beveled_quartz_0_21 172
Beveled_quartz_0_22 172
Beveled_quartz_0_23 168
Beveled_quartz_0_24 166
Beveled_quartz_0_25 164
Beveled_quartz_0_26 172
Fracture_druse_0_002 172
Fracture_druse_0_003 172
Fracture_druse_0_005 168
Fracture_druse_0_006 172
Fracture_druse_0_007 172
Fracture_druse_0_012 172
Fracture_druse_0_013 164
Fracture_druse_0_020 168
Fracture_druse_0_022 164
Fracture_druse_0_024 172
Fracture_druse_0_029 164
Fracture_druse_0_033 162
Fracture_druse_0_036 168
Fracture_druse_0_043 160
Fracture_druse_0_045 172
Fracture_druse_0_048 168
Fracture_druse_0_054 172
Fracture_druse_0_055 172
Fracture_druse_0_056 168
Fracture_druse_0_060 172
Fracture_druse_0_062 160
Fracture_druse_0_066 172
Fracture_druse_0_067 172
Fracture_druse_0_068 172
Fracture_druse_0_069 172
Fracture_druse_0_071 170
Fracture_druse_0_073 172
Fracture_druse_0_077 172
Fracture_druse_0_079 172
Fracture_druse_0_080 168
Fracture_druse_0_081 172
Fracture_druse_0_085 168
Fracture_druse_0_090 172
Fracture_druse_0_094 172
Fracture_druse_0_101 172
Fracture_druse_0_103 172
Fracture_druse_0_106 162
Fracture_druse_0_108 164
Fracture_druse_0_110 172
Fracture_druse_0_112 168
Fracture_druse_0_114 168
Fracture_druse_0_116 166
Fracture_druse_0_123 166
Fracture_druse_0_125 172
Fracture_druse_0_127 168
Fracture_druse_0_128 166
Fracture_druse_0_129 172
Fracture_druse_0_137 172
Fracture_druse_0_143 172
Fracture_druse_0_145 172
Fracture_druse_0_146 172
Fracture_druse_0_153 172
Fracture_druse_0_154 164
Fracture_druse_0_155 172
Fracture_druse_0_156 168
Fracture_druse_0_159 172
Fracture_druse_0_160 168
Fracture_druse_0_164 168
Fracture_druse_0_166 166
Fracture_druse_0_167 172
Fracture_druse_0_168 168
Fracture_druse_0_172 172
Fracture_druse_0_178 168
Fracture_druse_0_180 172
Fracture_druse_0_181 164
Fracture_druse_0_182 172
Fracture_druse_0_183 172
Fracture_druse_0_187 164
Fracture_druse_0_188 160
Beveled_quartz_1_01 164
Beveled_quartz_1_02 172
Beveled_quartz_1_03 164
Beveled_quartz_1_04 172
Beveled_quartz_1_05 172
Beveled_quartz_1_06 164
Beveled_quartz_1_07 164
Beveled_quartz_1_08 164
Beveled_quartz_1_09 164
Beveled_quartz_1_10 172
Beveled_quartz_1_11 172
Beveled_quartz_1_12 172
Beveled_quartz_1_13 166
Beveled_quartz_1_14 164
Beveled_quartz_1_15 172
Beveled_quartz_1_16 168
Beveled_quartz_1_17 172
Beveled_quartz_1_18 172
Beveled_quartz_1_19 156
Beveled_quartz_1_20 172
Beveled_quartz_1_21 172
Fracture_druse_1_000 172
Fracture_druse_1_004 162
Fracture_druse_1_005 168
Fracture_druse_1_006 172
Fracture_druse_1_010 166
Fracture_druse_1_013 168
Fracture_druse_1_016 164
Fracture_druse_1_019 172
Fracture_druse_1_021 172
Fracture_druse_1_022 168
Fracture_druse_1_023 168
Fracture_druse_1_036 172
Fracture_druse_1_039 164
Fracture_druse_1_043 172
Fracture_druse_1_048 168
Fracture_druse_1_052 172
Fracture_druse_1_053 168
Fracture_druse_1_059 168
Milky_mineral_roots_inside_quartz 3362
Embedded_mineral_platelets 102
Anchored_fluted_dripstone 188928
Branching_roof_roots 22752
Divided_fern_fronds 19488
{"triangles": 3655632, "parts": 228}
