ground 4320264
mountains 3450000
water collar 0 {'optical_enclosure_not_storage_volume': True, 'boundary_q': 1.13, 'boundary_samples': 1024, 'minimum_bank_cover_m': 0.07572207371439865, 'maximum_boundary_q_error': 1.2414382855041595e-09, 'boundary_contained': True}
water collar 1 {'optical_enclosure_not_storage_volume': True, 'boundary_q': 1.13, 'boundary_samples': 512, 'minimum_bank_cover_m': 0.08577985183322051, 'maximum_boundary_q_error': 9.840495085455814e-10, 'boundary_contained': True}
submerged rock shelf fragments 217
stones {'large_rocks': 156, 'small_rocks': 8814, 'gravel': 32640, 'mineral_nodules': 629, 'shrubs': 0, 'grass_tufts': 0}
attached shrubs 407
vegetation {'large_rocks': 156, 'small_rocks': 8814, 'gravel': 32640, 'mineral_nodules': 629, 'shrubs': 407, 'grass_tufts': 410}
{
  "schema": "cybrgeo.validation/1",
  "name": "CYBR_HOT_SPRINGS_V11",
  "part_count": 11,
  "triangles": 23690858,
  "bounds_mm": [
    [
      -7500000.0,
      -80000.0,
      -3000.0
    ],
    [
      7500000.0,
      12000000.0,
      1940143.1552224797
    ]
  ],
  "unique_names": true,
  "finite_vertices": true,
  "valid_indices": true,
  "actual_cybrgeo_part_roundtrip": true,
  "roundtrip_method": "Hash-validated NPZ; every original Part reconstructed and checked individually",
  "array_dtypes_preserved": true,
  "geometry_decimation": false,
  "image_generation": false,
  "counts": {
    "large_rocks": 156,
    "small_rocks": 8814,
    "gravel": 32640,
    "mineral_nodules": 629,
    "shrubs": 407,
    "grass_tufts": 410
  },
  "seconds": 382.65403962135315,
  "mesh_sha256": "3bb30342fed34aa78a1a090df966ccf1ac3437aab521437c4b87d689bdb80264",
  "memory_bounded_part_spooling": true
}
