Terrain ready 5.6885629110000195
Substrate rocks ready 16.980435004000014
Trees 1 / 55 21.290255923000018
Trees 9 / 55 48.71335924900001
Trees 17 / 55 73.59104788399998
Trees 25 / 55 101.47384618899997
Trees 33 / 55 125.28035410700005
Trees 41 / 55 147.35000198100005
Trees 49 / 55 175.782890549
Background woodland ready 88 345.64871752899995
Canopy ready 345.64910721999996
Litter ready 104432 406.49591631699997
Ferns ready 35 514.8555798530001
{
  "scene": "forest",
  "triangles": 20400257,
  "parts": 108,
  "components": {
    "Continuous_winding_forest_floor": 1,
    "Submerged_gravel_and_point_bars": 9517,
    "Stream_jointed_greywacke": 9,
    "Attached_moss_cushions": 6,
    "Moss_capsule_blades": 6,
    "Mature_beech_trunks": 41,
    "Buttress_and_exposed_roots": 427,
    "Living_branch_hierarchy": 549,
    "Secondary_crown_twigs": 8918,
    "Attached_crown_shoots_section000": 6429,
    "Broadleaf_laminae_section000": 12987,
    "Crown_petioles": 53695,
    "Mature_lean_trunks": 11,
    "Broadleaf_laminae_section001": 12203,
    "Mature_birch_trunks": 13,
    "Broadleaf_laminae_section002": 12049,
    "Broadleaf_laminae_section003": 15000,
    "Attached_crown_shoots_section001": 6429,
    "Broadleaf_laminae_section004": 15000,
    "Broadleaf_laminae_section005": 15000,
    "Broadleaf_laminae_section006": 15000,
    "Attached_crown_shoots_section002": 6428,
    "Broadleaf_laminae_section007": 15000,
    "Broadleaf_laminae_section008": 15000,
    "Broadleaf_laminae_section009": 15000,
    "Broadleaf_laminae_section010": 15000,
    "Attached_crown_shoots_section003": 6429,
    "Broadleaf_laminae_section011": 15000,
    "Broadleaf_laminae_section012": 15000,
    "Broadleaf_laminae_section013": 15000,
    "Attached_crown_shoots_section004": 6428,
    "Broadleaf_laminae_section014": 15000,
    "Broadleaf_laminae_section015": 15000,
    "Broadleaf_laminae_section016": 15000,
    "Attached_crown_shoots_section005": 6429,
    "Broadleaf_laminae_section017": 15000,
    "Broadleaf_laminae_section018": 15000,
    "Broadleaf_laminae_section019": 12980,
    "Understory_woody_stems": 2500,
    "Broadleaf_laminae_section020": 10703,
    "Attached_crown_shoots_section006": 6428,
    "Broadleaf_laminae_section021": 11518,
    "Broadleaf_laminae_section022": 10545,
    "Broadleaf_laminae_section023": 9589,
    "Broadleaf_laminae_section024": 9442,
    "Broadleaf_laminae_section025": 9603,
    "Attached_crown_shoots_section007": 6429,
    "Broadleaf_laminae_section026": 11301,
    "Broadleaf_laminae_section027": 10484,
    "Broadleaf_laminae_section028": 10748,
    "Broadleaf_laminae_section029": 9882,
    "Broadleaf_laminae_section030": 9281,
    "Broadleaf_laminae_section031": 5625,
    "Broadleaf_laminae_section032": 5627,
    "Attached_crown_shoots_section008": 5609,
    "Broadleaf_laminae_section033": 6995,
    "Broadleaf_laminae_section034": 14395,
    "Broadleaf_laminae_section035": 15000,
    "Broadleaf_laminae_section036": 1394,
    "Background_broadleaf_trunks": 88,
    "Distant_woody_lateral_branches": 3171,
    "Distant_attached_leaf_shoots": 31710,
    "Distant_lanceolate_laminae_section000": 26,
    "Distant_lanceolate_laminae_section001": 24,
    "Distant_lanceolate_laminae_section002": 25,
    "Distant_lanceolate_laminae_section003": 13,
    "Hollow_log_outer_bark": 1,
    "Hollow_log_inner_decay": 1,
    "Splintered_log_end_annulus": 2,
    "Broken_log_branch_stubs": 3,
    "Log_moss_cap": 1,
    "Damp_layered_leaf_litter_section000": 10155,
    "Damp_layered_leaf_litter_section001": 10005,
    "Damp_layered_leaf_litter_section002": 10040,
    "Damp_layered_leaf_litter_section003": 10064,
    "Damp_layered_leaf_litter_section004": 10065,
    "Damp_layered_leaf_litter_section005": 10122,
    "Damp_layered_leaf_litter_section006": 10021,
    "Damp_layered_leaf_litter_section007": 10116,
    "Damp_layered_leaf_litter_section008": 8661,
    "Damp_layered_leaf_litter_section009": 6300,
    "Damp_layered_leaf_litter_section010": 6287,
    "Damp_layered_leaf_litter_section011": 2596,
    "Fallen_fine_branches": 300,
    "Curved_fern_rachis": 276,
    "Fern_secondary_stems": 11590,
    "Fern_divided_pinnules_section000": 15000,
    "Fern_divided_pinnules_section001": 15000,
    "Fern_divided_pinnules_section002": 15000,
    "Fern_divided_pinnules_section003": 15000,
    "Fern_divided_pinnules_section004": 15000,
    "Fern_divided_pinnules_section005": 15000,
    "Fern_divided_pinnules_section006": 15000,
    "Fern_divided_pinnules_section007": 15000,
    "Fern_divided_pinnules_section008": 15000,
    "Fern_divided_pinnules_section009": 15000,
    "Fern_divided_pinnules_section010": 12260,
    "Water_enclosure": 1
  },
  "saved_and_reloaded_with_CYBR_GEO": true,
  "finite_vertices": true,
  "valid_indices": true,
  "water_checks": [
    {
      "name": "Water_enclosure",
      "watertight": true,
      "winding_consistent": true,
      "positive_volume": true
    }
  ],
  "tested_twig_roots": 0,
  "maximum_twig_root_centerline_error_m": 0.0,
  "mesh_sha256": "dd88513813cc39adcc2d80d21d416ee052a0397c0ca8f69967d00dc261b984df",
  "image_generation": false
}
{
  "scene": "forest",
  "triangles": 20400257,
  "parts": 108,
  "components": {
    "Continuous_winding_forest_floor": 1,
    "Submerged_gravel_and_point_bars": 9517,
    "Stream_jointed_greywacke": 9,
    "Attached_moss_cushions": 6,
    "Moss_capsule_blades": 6,
    "Mature_beech_trunks": 41,
    "Buttress_and_exposed_roots": 427,
    "Living_branch_hierarchy": 549,
    "Secondary_crown_twigs": 8918,
    "Attached_crown_shoots_section000": 6429,
    "Broadleaf_laminae_section000": 12987,
    "Crown_petioles": 53695,
    "Mature_lean_trunks": 11,
    "Broadleaf_laminae_section001": 12203,
    "Mature_birch_trunks": 13,
    "Broadleaf_laminae_section002": 12049,
    "Broadleaf_laminae_section003": 15000,
    "Attached_crown_shoots_section001": 6429,
    "Broadleaf_laminae_section004": 15000,
    "Broadleaf_laminae_section005": 15000,
    "Broadleaf_laminae_section006": 15000,
    "Attached_crown_shoots_section002": 6428,
    "Broadleaf_laminae_section007": 15000,
    "Broadleaf_laminae_section008": 15000,
    "Broadleaf_laminae_section009": 15000,
    "Broadleaf_laminae_section010": 15000,
    "Attached_crown_shoots_section003": 6429,
    "Broadleaf_laminae_section011": 15000,
    "Broadleaf_laminae_section012": 15000,
    "Broadleaf_laminae_section013": 15000,
    "Attached_crown_shoots_section004": 6428,
    "Broadleaf_laminae_section014": 15000,
    "Broadleaf_laminae_section015": 15000,
    "Broadleaf_laminae_section016": 15000,
    "Attached_crown_shoots_section005": 6429,
    "Broadleaf_laminae_section017": 15000,
    "Broadleaf_laminae_section018": 15000,
    "Broadleaf_laminae_section019": 12980,
    "Understory_woody_stems": 2500,
    "Broadleaf_laminae_section020": 10703,
    "Attached_crown_shoots_section006": 6428,
    "Broadleaf_laminae_section021": 11518,
    "Broadleaf_laminae_section022": 10545,
    "Broadleaf_laminae_section023": 9589,
    "Broadleaf_laminae_section024": 9442,
    "Broadleaf_laminae_section025": 9603,
    "Attached_crown_shoots_section007": 6429,
    "Broadleaf_laminae_section026": 11301,
    "Broadleaf_laminae_section027": 10484,
    "Broadleaf_laminae_section028": 10748,
    "Broadleaf_laminae_section029": 9882,
    "Broadleaf_laminae_section030": 9281,
    "Broadleaf_laminae_section031": 5625,
    "Broadleaf_laminae_section032": 5627,
    "Attached_crown_shoots_section008": 5609,
    "Broadleaf_laminae_section033": 6995,
    "Broadleaf_laminae_section034": 14395,
    "Broadleaf_laminae_section035": 15000,
    "Broadleaf_laminae_section036": 1394,
    "Background_broadleaf_trunks": 88,
    "Distant_woody_lateral_branches": 3171,
    "Distant_attached_leaf_shoots": 31710,
    "Distant_lanceolate_laminae_section000": 26,
    "Distant_lanceolate_laminae_section001": 24,
    "Distant_lanceolate_laminae_section002": 25,
    "Distant_lanceolate_laminae_section003": 13,
    "Hollow_log_outer_bark": 1,
    "Hollow_log_inner_decay": 1,
    "Splintered_log_end_annulus": 2,
    "Broken_log_branch_stubs": 3,
    "Log_moss_cap": 1,
    "Damp_layered_leaf_litter_section000": 10155,
    "Damp_layered_leaf_litter_section001": 10005,
    "Damp_layered_leaf_litter_section002": 10040,
    "Damp_layered_leaf_litter_section003": 10064,
    "Damp_layered_leaf_litter_section004": 10065,
    "Damp_layered_leaf_litter_section005": 10122,
    "Damp_layered_leaf_litter_section006": 10021,
    "Damp_layered_leaf_litter_section007": 10116,
    "Damp_layered_leaf_litter_section008": 8661,
    "Damp_layered_leaf_litter_section009": 6300,
    "Damp_layered_leaf_litter_section010": 6287,
    "Damp_layered_leaf_litter_section011": 2596,
    "Fallen_fine_branches": 300,
    "Curved_fern_rachis": 276,
    "Fern_secondary_stems": 11590,
    "Fern_divided_pinnules_section000": 15000,
    "Fern_divided_pinnules_section001": 15000,
    "Fern_divided_pinnules_section002": 15000,
    "Fern_divided_pinnules_section003": 15000,
    "Fern_divided_pinnules_section004": 15000,
    "Fern_divided_pinnules_section005": 15000,
    "Fern_divided_pinnules_section006": 15000,
    "Fern_divided_pinnules_section007": 15000,
    "Fern_divided_pinnules_section008": 15000,
    "Fern_divided_pinnules_section009": 15000,
    "Fern_divided_pinnules_section010": 12260,
    "Water_enclosure": 1
  },
  "saved_and_reloaded_with_CYBR_GEO": true,
  "finite_vertices": true,
  "valid_indices": true,
  "water_checks": [
    {
      "name": "Water_enclosure",
      "watertight": true,
      "winding_consistent": true,
      "positive_volume": true
    }
  ],
  "tested_twig_roots": 0,
  "maximum_twig_root_centerline_error_m": 0.0,
  "mesh_sha256": "564d95583336529ddb5ba00d9978ed6a44b76fe765c6d034b1966a6a14ed8d57",
  "image_generation": false,
  "surface_frames_sha256": "1b1eeb1701e5d372eb85bec727a3753df6a8ce150c608820efaf64ee6c0a4800",
  "surface_coordinate_frames": 720110,
  "leaf_components": 719131,
  "authored_not_measured": true,
  "script_sha256": "8c4828875755839f21f6b23a3a278ff1ec52f788949023dbe57090fc1cb39a04",
  "elapsed_build_seconds": 628.2462941660001
}
