COMPILING geo 2026-09-21T16:40:25+00:00
{
  "spectral_bands": 16,
  "wavelength_range_nm": [380,780],
  "fresnel_normal": 0.02047817037,
  "fresnel_error": 0,
  "beer_lambert_composition_error": 6.776446071e-08,
  "snell_error": 1.303499886e-07,
  "sampled_max_steam_density": 0,
  "steam_majorant": 0.8500000238,
  "passed": true
}
COMPILED geo 2026-09-21T16:40:40+00:00
COMPILING hot 2026-09-21T16:40:40+00:00
{
  "spectral_bands": 16,
  "wavelength_range_nm": [380,780],
  "fresnel_normal": 0.02047817037,
  "fresnel_error": 0,
  "beer_lambert_composition_error": 6.776446071e-08,
  "snell_error": 1.303499886e-07,
  "sampled_max_steam_density": 0.1674433202,
  "steam_majorant": 0.8500000238,
  "passed": true
}
COMPILED hot 2026-09-21T16:40:54+00:00
COMPILING geode 2026-09-21T16:40:54+00:00
{
  "spectral_bands": 16,
  "wavelength_range_nm": [380,780],
  "fresnel_normal": 0.02047817037,
  "fresnel_error": 0,
  "beer_lambert_composition_error": 5.960464478e-08,
  "snell_error": 1.788139343e-07,
  "sampled_max_steam_density": 0.0027999999,
  "steam_majorant": 0.008999999613,
  "passed": true
}
COMPILED geode 2026-09-21T16:41:03+00:00
COMPILING obsidian 2026-09-21T16:41:03+00:00
COMPILED obsidian 2026-09-21T16:41:12+00:00
