basalt-tide: 0/11644696 triangles
basalt-tide: 960000/11644696 triangles
basalt-tide: 1920000/11644696 triangles
basalt-tide: 2880000/11644696 triangles
basalt-tide: 3840000/11644696 triangles
basalt-tide: 4800000/11644696 triangles
basalt-tide: 5760000/11644696 triangles
basalt-tide: 6720000/11644696 triangles
basalt-tide: 7680000/11644696 triangles
basalt-tide: 8640000/11644696 triangles
basalt-tide: 9600000/11644696 triangles
basalt-tide: 10560000/11644696 triangles
basalt-tide: 11520000/11644696 triangles
{
  "scene": "basalt-tide",
  "source_sha256": "20d901557aa0f54b918711dbcddbe92dea8dbe52eec4f951f7bdd2aa3927fec1",
  "result_sha256": "03bbb8420c81331e76324397d7ca4163bd3833b282797e4905b2d02179d22426",
  "tool_sha256": "f6a11d35de8d1643257418e7ec0ec626ed8480acb34945c56e9808b592c535ff",
  "triangles": 11644696,
  "changed_vertex_records": 24418104,
  "curled_litter_triangles": 0,
  "max_displacement_m": 0.02023524045944214,
  "minimum_jacobian_determinant": 0.8523979187011719,
  "water_records_unchanged": true,
  "bounds_min": [
    -23.0,
    -17.0,
    -45.0
  ],
  "bounds_max": [
    1050.0,
    2000.0,
    9.440436363220215
  ],
  "primitive_order_preserved": true,
  "material_ids_and_uvs_preserved": true,
  "finite": true,
  "new_normal_method": "Exact inverse-transpose of continuous deformation Jacobian; normalized",
  "source": "geometry/coast/scene.meshbin",
  "result": "geometry-r2/coast/scene.meshbin",
  "seconds": 21.763492974999963,
  "image_generation": false
}
